[
  {
    "recoverable": false,
    "line": 22,
    "char": 0,
    "content": "67lang:call heartbeat",
    "error": "failed to assert: could not find a matching overload for heartbeat with arguments []",
    "error_type": "NO_MATCHING_OVERLOAD",
    "visible_overloads": []
  },
  {
    "recoverable": false,
    "line": 15,
    "char": 0,
    "content": "67lang:call event",
    "error": "failed to assert: could not find a matching overload for event with arguments []",
    "error_type": "NO_MATCHING_OVERLOAD",
    "visible_overloads": [
      {
        "field": "event",
        "demands": [
          "HTMLScriptElement"
        ],
        "returns": "str",
        "convention": "FieldCall"
      },
      {
        "field": "event",
        "demands": [
          "HTMLScriptElement",
          "str"
        ],
        "returns": "None",
        "convention": "FieldCall"
      },
      {
        "field": "event",
        "demands": [
          "Window"
        ],
        "returns": "Event",
        "convention": "FieldCall"
      }
    ]
  },
  {
    "recoverable": false,
    "line": 22,
    "char": 0,
    "content": "67lang:call heartbeat",
    "error": "failed to assert: could not find a matching overload for heartbeat with arguments None",
    "error_type": "NO_MATCHING_OVERLOAD",
    "visible_overloads": []
  },
  {
    "recoverable": false,
    "line": 15,
    "char": 0,
    "content": "67lang:call event",
    "error": "failed to assert: could not find a matching overload for event with arguments None",
    "error_type": "NO_MATCHING_OVERLOAD",
    "visible_overloads": [
      {
        "field": "event",
        "demands": [
          "HTMLScriptElement"
        ],
        "returns": "str",
        "convention": "FieldCall"
      },
      {
        "field": "event",
        "demands": [
          "HTMLScriptElement",
          "str"
        ],
        "returns": "None",
        "convention": "FieldCall"
      },
      {
        "field": "event",
        "demands": [
          "Window"
        ],
        "returns": "Event",
        "convention": "FieldCall"
      }
    ]
  }
]
