[
  {
    "recoverable": false,
    "line": 3,
    "char": 0,
    "content": "    string hello world",
    "error": "this language only accepts tabs for indentation, not spaces! spaces are like, totally uncool. use tabs instead, they're way more precise and semantic.",
    "error_type": "INVALID_INDENTATION"
  }
]